[INFO] Scanning for projects...
[INFO] 
[INFO] -------------------< com.shopeasy:delivery-service >--------------------
[INFO] Building delivery-service 0.0.1-SNAPSHOT
[INFO]   from pom.xml
[INFO] --------------------------------[ jar ]---------------------------------
[INFO] 
[INFO] --- resources:3.3.1:resources (default-resources) @ delivery-service ---
[INFO] Copying 1 resource from src\main\resources to target\classes
[INFO] Copying 0 resource from src\main\resources to target\classes
[INFO] 
[INFO] --- compiler:3.11.0:compile (default-compile) @ delivery-service ---
[INFO] Changes detected - recompiling the module! :source
[INFO] Compiling 14 source files with javac [debug release 17] to target\classes
[INFO] -------------------------------------------------------------
[ERROR] COMPILATION ERROR : 
[INFO] -------------------------------------------------------------
[ERROR] /D:/ShopEasy/backend/delivery-service/src/main/java/com/shopeasy/deliveryservice/service/DriverService.java:[58,29] cannot find symbol
  symbol:   variable Instant
  location: class com.shopeasy.deliveryservice.service.DriverService
[INFO] 1 error
[INFO] -------------------------------------------------------------
[INFO] ------------------------------------------------------------------------
[INFO] BUILD FAILURE
[INFO] ------------------------------------------------------------------------
[INFO] Total time:  5.410 s
[INFO] Finished at: 2026-03-30T13:42:19+05:30
[INFO] ------------------------------------------------------------------------
[ERROR] Failed to execute goal org.apache.maven.plugins:maven-compiler-plugin:3.11.0:compile (default-compile) on project delivery-service: Compilation failure
[ERROR] /D:/ShopEasy/backend/delivery-service/src/main/java/com/shopeasy/deliveryservice/service/DriverService.java:[58,29] cannot find symbol
[ERROR]   symbol:   variable Instant
[ERROR]   location: class com.shopeasy.deliveryservice.service.DriverService
[ERROR] 
[ERROR] -> [Help 1]
[ERROR] 
[ERROR] To see the full stack trace of the errors, re-run Maven with the -e switch.
[ERROR] Re-run Maven using the -X switch to enable full debug logging.
[ERROR] 
[ERROR] For more information about the errors and possible solutions, please read the following articles:
[ERROR] [Help 1] http://cwiki.apache.org/confluence/display/MAVEN/MojoFailureException
